2025-11-23 10:00:34 - chat - INFO - === ЗАПУСК ЧАТ-БОТА ===
2025-11-23 10:00:34 - chat - INFO - Модель загружена: 214 слов, 13 тегов
2025-11-23 10:00:34 - chat - INFO - Чат-бот готов к работе
2025-11-23 10:00:34 - chat - INFO - Начата сессия: 20251123_100034
2025-11-23 10:00:53 - chat - INFO - Вопрос: 'приВЕТ'
2025-11-23 10:00:53 - chat - INFO - Предсказание: тег='приветствие', вероятность=1.0000
2025-11-23 10:00:53 - chat - INFO - Ответ: 'Приветствую! 🎅 Чем могу помочь в этот праздничный сезон?' (уверенность: 1.0000, тег: приветствие)
2025-11-23 10:01:04 - chat - INFO - Вопрос: 'НУЖНЫ ИДЕИ ПОДАРКОВ'
2025-11-23 10:01:04 - chat - INFO - Предсказание: тег='подарки', вероятность=1.0000
2025-11-23 10:01:04 - chat - INFO - Ответ: 'Сладости, украшения или уютные домашние вещи всегда актуальны! 🎁' (уверенность: 1.0000, тег: подарки)
2025-11-23 10:01:16 - chat - INFO - Вопрос: 'а как организовать сам праздник?'
2025-11-23 10:01:16 - chat - INFO - Предсказание: тег='праздничная_кухня', вероятность=0.9265
2025-11-23 10:01:16 - chat - INFO - Ответ: 'Селедка под шубой: слоями выложить селедку, лук, картофель, морковь, свеклу, каждый слой промазать майонезом! 🐟' (уверенность: 0.9265, тег: праздничная_кухня)
2025-11-23 10:01:32 - chat - INFO - Вопрос: 'а развлечения?'
2025-11-23 10:01:32 - chat - INFO - Предсказание: тег='детский_праздник', вероятность=0.8442
2025-11-23 10:01:32 - chat - INFO - Ответ: 'Напишите письмо Деду Морозу - это так волшебно! ✉️' (уверенность: 0.8442, тег: детский_праздник)
2025-11-23 10:01:41 - chat - INFO - Сессия завершена: 20251123_100034
2025-11-23 10:26:15 - chat - INFO - === ИНИЦИАЛИЗАЦИЯ МОДЕЛИ ДЛЯ TELEGRAM ===
2025-11-23 10:26:15 - chat - INFO - Модель загружена: 214 слов, 13 тегов
2025-11-23 10:26:16 - chat - INFO - Telegram бот запущен...
2025-11-23 10:26:32 - chat - INFO - Пользователь 917356210 запустил бота
2025-11-23 10:26:41 - chat - INFO - Сообщение от 917356210: 'привет'
2025-11-23 10:26:41 - chat - INFO - Предсказание для 917356210: тег='приветствие', вероятность=1.0000
2025-11-23 10:26:41 - chat - INFO - Ответ пользователю 917356210: 'Здравствуйте! ❄️ Как ваши предновогодние хлопоты?' (уверенность: 1.0000, тег: приветствие)
2025-11-23 10:26:53 - chat - INFO - Сообщение от 917356210: 'нужен рецепт главного блюда'
2025-11-23 10:26:53 - chat - INFO - Предсказание для 917356210: тег='праздничная_кухня', вероятность=1.0000
2025-11-23 10:26:53 - chat - INFO - Ответ пользователю 917356210: 'Рецепт новогоднего салата: отварную курицу, ананасы, сыр и грецкие орехи заправить йогуртом - очень вкусно! 🍍' (уверенность: 1.0000, тег: праздничная_кухня)
2025-11-23 10:27:02 - chat - INFO - Сообщение от 917356210: 'и идеи подарков'
2025-11-23 10:27:02 - chat - INFO - Предсказание для 917356210: тег='подарки', вероятность=1.0000
2025-11-23 10:27:03 - chat - INFO - Ответ пользователю 917356210: 'Лучший подарок - это внимание и забота! Но можно подарить теплый плед или книгу 📚' (уверенность: 1.0000, тег: подарки)
2025-11-23 10:27:15 - chat - INFO - Сообщение от 917356210: 'этого мало, давай еще идеи подарков'
2025-11-23 10:27:15 - chat - INFO - Предсказание для 917356210: тег='подарки', вероятность=1.0000
2025-11-23 10:27:15 - chat - INFO - Ответ пользователю 917356210: 'Подарите впечатления: билеты на концерт или мастер-класс! 🎫' (уверенность: 1.0000, тег: подарки)
2025-11-23 10:27:23 - chat - INFO - Сообщение от 917356210: 'а для детей?'
2025-11-23 10:27:23 - chat - INFO - Предсказание для 917356210: тег='детский_праздник', вероятность=0.9990
2025-11-23 10:27:23 - chat - INFO - Ответ пользователю 917356210: 'Устройте новогоднюю дискотеку с детскими песнями! 💃' (уверенность: 0.9990, тег: детский_праздник)
2025-11-23 10:27:33 - chat - INFO - Сообщение от 917356210: 'а какой фильм?'
2025-11-23 10:27:33 - chat - INFO - Предсказание для 917356210: тег='праздничная_кухня', вероятность=0.7638
2025-11-23 10:27:33 - chat - INFO - Ответ пользователю 917356210: 'Вот простой рецепт запеченной утки с яблоками: утку натереть солью и специями, нафаршировать яблоками, запекать 2 часа при 180°C! 🦆🍎' (уверенность: 0.7638, тег: праздничная_кухня)
2025-11-23 10:28:09 - chat - INFO - Сообщение от 917356210: 'нет - я не спрашивала рецепт'
2025-11-23 10:28:09 - chat - INFO - Предсказание для 917356210: тег='праздничная_кухня', вероятность=1.0000
2025-11-23 10:28:09 - chat - INFO - Ответ пользователю 917356210: 'Запеките карпа с лимоном и травами - символ удачи на Новый год! На 1 кг рыбы: соль, перец, лимон, укроп. Запекать 40 минут! 🐟' (уверенность: 1.0000, тег: праздничная_кухня)
2025-11-23 10:28:15 - chat - INFO - Сообщение от 917356210: 'нет'
2025-11-23 10:28:15 - chat - INFO - Предсказание для 917356210: тег='праздничное_настроение', вероятность=0.9920
2025-11-23 10:28:15 - chat - INFO - Ответ пользователю 917356210: 'Понял, ошибся. Можете уточнить ваш вопрос?' (уверенность: 0.9920, тег: праздничное_настроение)
2025-11-23 10:28:23 - chat - INFO - Сообщение от 917356210: 'фильм'
2025-11-23 10:28:23 - chat - INFO - Предсказание для 917356210: тег='праздничные_традиции', вероятность=0.6999
2025-11-23 10:28:23 - chat - INFO - Ответ пользователю 917356210: 'Уточните, пожалуйста, о чем именно вы хотите узнать? В новогоднюю ночь принято загадывать желание под бой курантов! ⏰' (уверенность: 0.6999, тег: праздничные_традиции)
2025-11-23 10:29:00 - chat - INFO - Сообщение от 917356210: 'выход'
2025-11-23 10:29:00 - chat - INFO - Предсказание для 917356210: тег='праздничные_традиции', вероятность=0.6999
2025-11-23 10:29:01 - chat - INFO - Ответ пользователю 917356210: 'Уточните, пожалуйста, о чем именно вы хотите узнать? Украшайте елку шарами, гирляндами и звездой на макушке! 🎄' (уверенность: 0.6999, тег: праздничные_традиции)
2025-11-23 10:39:46 - chat - INFO - === ИНИЦИАЛИЗАЦИЯ МОДЕЛИ ДЛЯ TELEGRAM ===
2025-11-23 10:39:46 - chat - INFO - Модель загружена: 214 слов, 13 тегов
2025-11-23 10:39:47 - chat - INFO - Telegram бот запущен...
2025-11-23 10:39:48 - chat - INFO - Сообщение от 917356210: 'ghbdtn'
2025-11-23 10:39:48 - chat - INFO - Предсказание для 917356210: тег='праздничные_традиции', вероятность=0.6999
2025-11-23 10:39:48 - chat - INFO - Ответ пользователю 917356210: 'Уточните, пожалуйста, о чем именно вы хотите узнать? В новогоднюю ночь принято загадывать желание под бой курантов! ⏰' (уверенность: 0.6999, тег: праздничные_традиции)
2025-11-23 10:39:58 - chat - INFO - Сообщение от 917356210: 'привет'
2025-11-23 10:39:58 - chat - INFO - Предсказание для 917356210: тег='приветствие', вероятность=1.0000
2025-11-23 10:39:58 - chat - INFO - Ответ пользователю 917356210: 'Привет! 🌟 Чем порадует этот волшебный праздник?' (уверенность: 1.0000, тег: приветствие)
2025-11-23 10:40:05 - chat - INFO - Сообщение от 917356210: 'нужны идеи подарков'
2025-11-23 10:40:05 - chat - INFO - Предсказание для 917356210: тег='подарки', вероятность=1.0000
2025-11-23 10:40:05 - chat - INFO - Ответ пользователю 917356210: 'Книга с новогодними историями создаст праздничное настроение! 📖' (уверенность: 1.0000, тег: подарки)
2025-11-23 10:40:13 - chat - INFO - Сообщение от 917356210: 'а для детей'
2025-11-23 10:40:13 - chat - INFO - Предсказание для 917356210: тег='детский_праздник', вероятность=0.9990
2025-11-23 10:40:14 - chat - INFO - Ответ пользователю 917356210: 'Поиграйте в снежки на улице или дома из ватных шариков! ⛄' (уверенность: 0.9990, тег: детский_праздник)
2025-11-23 10:40:22 - chat - INFO - Сообщение от 917356210: 'а приготовить что?'
2025-11-23 10:40:22 - chat - INFO - Предсказание для 917356210: тег='праздничная_кухня', вероятность=0.5557
2025-11-23 10:40:22 - chat - INFO - Ответ пользователю 917356210: 'Вы имеете в виду новогодние рецепты? Рецепт новогоднего салата: отварную курицу, ананасы, сыр и грецкие орехи заправить йогуртом - очень вкусно! 🍍' (уверенность: 0.5557, тег: праздничная_кухня)
2025-11-23 10:40:44 - chat - INFO - Сообщение от 917356210: 'а из развлечений?'
2025-11-23 10:40:44 - chat - INFO - Предсказание для 917356210: тег='праздничная_кухня', вероятность=0.7638
2025-11-23 10:40:44 - chat - INFO - Ответ пользователю 917356210: 'Вот простой рецепт запеченной утки с яблоками: утку натереть солью и специями, нафаршировать яблоками, запекать 2 часа при 180°C! 🦆🍎' (уверенность: 0.7638, тег: праздничная_кухня)
2025-11-23 10:40:55 - chat - INFO - Сообщение от 917356210: 'нет'
2025-11-23 10:40:55 - chat - INFO - Предсказание для 917356210: тег='праздничное_настроение', вероятность=0.9920
2025-11-23 10:40:55 - chat - INFO - Ответ пользователю 917356210: 'Не совсем понял. Можете задать вопрос другими словами?' (уверенность: 0.9920, тег: праздничное_настроение)
2025-11-23 10:41:08 - chat - INFO - Сообщение от 917356210: 'как развлекать гостей?'
2025-11-23 10:41:08 - chat - INFO - Предсказание для 917356210: тег='праздничная_кухня', вероятность=0.8034
2025-11-23 10:41:08 - chat - INFO - Ответ пользователю 917356210: 'Рецепт новогоднего салата: отварную курицу, ананасы, сыр и грецкие орехи заправить йогуртом - очень вкусно! 🍍' (уверенность: 0.8034, тег: праздничная_кухня)
2025-11-23 10:41:25 - chat - INFO - Сообщение от 917356210: 'stop'
2025-11-23 10:41:25 - chat - INFO - Предсказание для 917356210: тег='праздничные_традиции', вероятность=0.6999
2025-11-23 10:41:25 - chat - INFO - Ответ пользователю 917356210: 'Уточните, пожалуйста, о чем именно вы хотите узнать? В новогоднюю ночь принято загадывать желание под бой курантов! ⏰' (уверенность: 0.6999, тег: праздничные_традиции)
2025-11-23 10:41:30 - chat - INFO - Сообщение от 917356210: 'выход'
2025-11-23 10:41:30 - chat - INFO - Предсказание для 917356210: тег='праздничные_традиции', вероятность=0.6999
2025-11-23 10:41:30 - chat - INFO - Ответ пользователю 917356210: 'Уточните, пожалуйста, о чем именно вы хотите узнать? Украшайте елку шарами, гирляндами и звездой на макушке! 🎄' (уверенность: 0.6999, тег: праздничные_традиции)
2025-11-23 10:41:50 - chat - INFO - Пользователь 917356210 приостановил диалог
2025-11-23 10:41:55 - chat - INFO - Пользователь 917356210 запустил бота
2025-11-23 10:42:39 - chat - INFO - Сообщение от 917356210: 'расскажи анекдот'
2025-11-23 10:42:39 - chat - INFO - Предсказание для 917356210: тег='анекдоты', вероятность=1.0000
2025-11-23 10:42:39 - chat - INFO - Ответ пользователю 917356210: '🎅 Дед Мороз приходит к программисту и говорит: 'Новогодние пожелания выполняются в течение 2-3 рабочих дней!' 🎄' (уверенность: 1.0000, тег: анекдоты)
2025-11-23 10:42:46 - chat - INFO - Сообщение от 917356210: 'а еще'
2025-11-23 10:42:46 - chat - INFO - Предсказание для 917356210: тег='праздничная_кухня', вероятность=0.7638
2025-11-23 10:42:46 - chat - INFO - Ответ пользователю 917356210: 'Селедка под шубой: слоями выложить селедку, лук, картофель, морковь, свеклу, каждый слой промазать майонезом! 🐟' (уверенность: 0.7638, тег: праздничная_кухня)
2025-11-23 10:42:54 - chat - INFO - Сообщение от 917356210: 'анекдот еще'
2025-11-23 10:42:54 - chat - INFO - Предсказание для 917356210: тег='анекдоты', вероятность=0.9999
2025-11-23 10:42:54 - chat - INFO - Ответ пользователю 917356210: '🍷 Под Новый год муж спрашивает жену: 'Дорогая, что тебе подарить?' Жена: 'Хочу что-то красивое, дорогое и чтобы от этого ноги подкашивались!' Муж: 'Отлично! Куплю тебе бутылку шампанского!' 🥂' (уверенность: 0.9999, тег: анекдоты)
2025-11-23 10:43:00 - chat - INFO - Сообщение от 917356210: 'пока'
2025-11-23 10:43:00 - chat - INFO - Предсказание для 917356210: тег='прощание', вероятность=1.0000
2025-11-23 10:43:00 - chat - INFO - Ответ пользователю 917356210: 'Всего доброго! Пусть новый год принесет только радость! ✨' (уверенность: 1.0000, тег: прощание)
2025-11-23 10:43:08 - chat - INFO - Пользователь 917356210 приостановил диалог
2025-11-23 18:05:52 - chat - INFO - === ИНИЦИАЛИЗАЦИЯ МОДЕЛИ ДЛЯ TELEGRAM ===
2025-11-23 18:05:52 - chat - INFO - Модель загружена: 214 слов, 13 тегов
2025-11-23 18:05:53 - chat - INFO - Telegram бот запущен...
2025-11-23 18:05:50 - chat - INFO - Сообщение от 917356210: 'ghbdtn'
2025-11-23 18:05:50 - chat - INFO - Предсказание для 917356210: тег='праздничные_традиции', вероятность=0.6999
2025-11-23 18:05:51 - chat - INFO - Ответ пользователю 917356210: 'Уточните, пожалуйста, о чем именно вы хотите узнать? Украшайте елку шарами, гирляндами и звездой на макушке! 🎄' (уверенность: 0.6999, тег: праздничные_традиции)
2025-11-23 18:06:18 - chat - INFO - Сообщение от 917356210: 'о новогодних традициях'
2025-11-23 18:06:18 - chat - INFO - Предсказание для 917356210: тег='поздравление', вероятность=0.9997
2025-11-23 18:06:18 - chat - INFO - Ответ пользователю 917356210: 'С Новым годом! Желаю счастья и здоровья! ⭐' (уверенность: 0.9997, тег: поздравление)
2025-11-23 18:06:33 - chat - INFO - Сообщение от 917356210: 'какие ты знаешь традиции?'
2025-11-23 18:06:33 - chat - INFO - Предсказание для 917356210: тег='праздничные_традиции', вероятность=1.0000
2025-11-23 18:06:33 - chat - INFO - Ответ пользователю 917356210: 'Не забудьте написать письмо Деду Морозу! 📝' (уверенность: 1.0000, тег: праздничные_традиции)
2025-11-23 18:06:42 - chat - INFO - Сообщение от 917356210: 'а для детей?'
2025-11-23 18:06:42 - chat - INFO - Предсказание для 917356210: тег='детский_праздник', вероятность=0.9990
2025-11-23 18:06:42 - chat - INFO - Ответ пользователю 917356210: 'Устройте новогоднюю дискотеку с детскими песнями! 💃' (уверенность: 0.9990, тег: детский_праздник)
2025-11-23 18:09:48 - chat - INFO - Пользователь 1044689775 запустил бота
2025-11-23 18:10:14 - chat - INFO - Сообщение от 1044689775: 'напиши приветствие'
2025-11-23 18:10:14 - chat - INFO - Предсказание для 1044689775: тег='праздничные_традиции', вероятность=0.6999
2025-11-23 18:10:14 - chat - INFO - Ответ пользователю 1044689775: 'Уточните, пожалуйста, о чем именно вы хотите узнать? Соберитесь с семьей за просмотром 'Иронии судьбы'! 📺' (уверенность: 0.6999, тег: праздничные_традиции)
2025-11-23 18:24:36 - chat - INFO - Сообщение от 917356210: '@HW4BalashNewYearBot'
2025-11-23 18:24:36 - chat - INFO - Предсказание для 917356210: тег='праздничные_традиции', вероятность=0.6999
2025-11-23 18:24:37 - chat - INFO - Ответ пользователю 917356210: 'Уточните, пожалуйста, о чем именно вы хотите узнать? Традиционно готовят оливье, селедку под шубой и запекают гуся! 🍗' (уверенность: 0.6999, тег: праздничные_традиции)
2025-11-23 18:25:34 - chat - INFO - Пользователь 6211353479 запустил бота
2025-11-23 18:26:10 - chat - INFO - Сообщение от 6211353479: 'Что можно подарить маме на новый год?'
2025-11-23 18:26:10 - chat - INFO - Предсказание для 6211353479: тег='подарки', вероятность=1.0000
2025-11-23 18:26:10 - chat - INFO - Ответ пользователю 6211353479: 'Сладости, украшения или уютные домашние вещи всегда актуальны! 🎁' (уверенность: 1.0000, тег: подарки)
2025-11-23 18:27:07 - chat - INFO - Сообщение от 6211353479: 'Куда можно съездить на новый год?'
2025-11-23 18:27:07 - chat - INFO - Предсказание для 6211353479: тег='планы_на_праздники', вероятность=0.9992
2025-11-23 18:27:08 - chat - INFO - Ответ пользователю 6211353479: 'Устройте тематическую вечеринку с друзьями! 🎉' (уверенность: 0.9992, тег: планы_на_праздники)
2025-11-23 18:27:21 - chat - INFO - Сообщение от 6211353479: 'Чудесно'
2025-11-23 18:27:21 - chat - INFO - Предсказание для 6211353479: тег='праздничные_традиции', вероятность=0.6999
2025-11-23 18:27:21 - chat - INFO - Ответ пользователю 6211353479: 'Уточните, пожалуйста, о чем именно вы хотите узнать? Украшайте елку шарами, гирляндами и звездой на макушке! 🎄' (уверенность: 0.6999, тег: праздничные_традиции)
2025-11-23 18:28:36 - chat - INFO - Сообщение от 6211353479: 'У меня много пыли в полке, как ее украсить?'
2025-11-23 18:28:36 - chat - INFO - Предсказание для 6211353479: тег='праздничные_традиции', вероятность=0.9893
2025-11-23 18:28:37 - chat - INFO - Ответ пользователю 6211353479: 'Не забудьте написать письмо Деду Морозу! 📝' (уверенность: 0.9893, тег: праздничные_традиции)
2025-11-23 18:29:47 - chat - INFO - Сообщение от 1044689775: 'можно мама мне скинет денег?'
2025-11-23 18:29:47 - chat - INFO - Предсказание для 1044689775: тег='праздничная_кухня', вероятность=0.4785
2025-11-23 18:29:47 - chat - INFO - Ответ пользователю 1044689775: 'Вы имеете в виду новогодние рецепты? Селедка под шубой: слоями выложить селедку, лук, картофель, морковь, свеклу, каждый слой промазать майонезом! 🐟' (уверенность: 0.4785, тег: праздничная_кухня)
2025-11-23 18:29:49 - chat - INFO - Сообщение от 6211353479: '🫶🫶🫶'
2025-11-23 18:29:49 - chat - INFO - Предсказание для 6211353479: тег='праздничные_традиции', вероятность=0.6999
2025-11-23 18:29:49 - chat - INFO - Ответ пользователю 6211353479: 'Уточните, пожалуйста, о чем именно вы хотите узнать? Не забудьте написать письмо Деду Морозу! 📝' (уверенность: 0.6999, тег: праздничные_традиции)
2025-11-23 18:30:37 - chat - INFO - Сообщение от 6211353479: 'Мама дай денег на чипсы'
2025-11-23 18:30:37 - chat - INFO - Предсказание для 6211353479: тег='праздничная_кухня', вероятность=1.0000
2025-11-23 18:30:37 - chat - INFO - Ответ пользователю 6211353479: 'Рецепт новогоднего салата: отварную курицу, ананасы, сыр и грецкие орехи заправить йогуртом - очень вкусно! 🍍' (уверенность: 1.0000, тег: праздничная_кухня)
2025-11-23 18:31:27 - chat - INFO - Сообщение от 6211353479: 'Сними блок на ночь'
2025-11-23 18:31:27 - chat - INFO - Предсказание для 6211353479: тег='праздничные_традиции', вероятность=0.9404
2025-11-23 18:31:27 - chat - INFO - Ответ пользователю 6211353479: 'Не забудьте написать письмо Деду Морозу! 📝' (уверенность: 0.9404, тег: праздничные_традиции)
2025-11-23 18:32:28 - chat - INFO - Сообщение от 6211353479: 'Подскажи идеи детских праздников'
2025-11-23 18:32:28 - chat - INFO - Предсказание для 6211353479: тег='праздничная_кухня', вероятность=0.8966
2025-11-23 18:32:28 - chat - INFO - Ответ пользователю 6211353479: 'Селедка под шубой: слоями выложить селедку, лук, картофель, морковь, свеклу, каждый слой промазать майонезом! 🐟' (уверенность: 0.8966, тег: праздничная_кухня)
2025-11-23 18:32:43 - chat - INFO - Сообщение от 6211353479: 'Расскажи анекдот'
2025-11-23 18:32:43 - chat - INFO - Предсказание для 6211353479: тег='анекдоты', вероятность=1.0000
2025-11-23 18:32:43 - chat - INFO - Ответ пользователю 6211353479: '🎄 Собрались как-то Дед Мороз, Снегурочка и Снеговик. Дед Мороз говорит: 'Давайте по очереди желания загадывать!' Снеговик: 'Я первый! Хочу чтобы у меня руки не мерзли!' ☃️' (уверенность: 1.0000, тег: анекдоты)
2025-11-23 18:34:06 - chat - INFO - Сообщение от 6211353479: 'Мам, сними блок на ночь с пятницы на субботу и с субботы на воскресенье'
2025-11-23 18:34:06 - chat - INFO - Предсказание для 6211353479: тег='праздничные_традиции', вероятность=0.9081
2025-11-23 18:34:06 - chat - INFO - Ответ пользователю 6211353479: 'Не забудьте написать письмо Деду Морозу! 📝' (уверенность: 0.9081, тег: праздничные_традиции)
2025-11-23 18:35:00 - chat - INFO - Сообщение от 6211353479: 'Селёдка'
2025-11-23 18:35:00 - chat - INFO - Предсказание для 6211353479: тег='праздничные_традиции', вероятность=0.6999
2025-11-23 18:35:00 - chat - INFO - Ответ пользователю 6211353479: 'Уточните, пожалуйста, о чем именно вы хотите узнать? Традиционно готовят оливье, селедку под шубой и запекают гуся! 🍗' (уверенность: 0.6999, тег: праздничные_традиции)
2025-11-23 18:35:14 - chat - INFO - Сообщение от 6211353479: 'Рецепт селедки под шубой'
2025-11-23 18:35:14 - chat - INFO - Предсказание для 6211353479: тег='праздничная_кухня', вероятность=1.0000
2025-11-23 18:35:14 - chat - INFO - Ответ пользователю 6211353479: 'Селедка под шубой: слоями выложить селедку, лук, картофель, морковь, свеклу, каждый слой промазать майонезом! 🐟' (уверенность: 1.0000, тег: праздничная_кухня)
2025-11-23 18:36:01 - chat - INFO - Сообщение от 6211353479: '💩💩💩'
2025-11-23 18:36:01 - chat - INFO - Предсказание для 6211353479: тег='праздничные_традиции', вероятность=0.6999
2025-11-23 18:36:01 - chat - INFO - Ответ пользователю 6211353479: 'Уточните, пожалуйста, о чем именно вы хотите узнать? Традиционно готовят оливье, селедку под шубой и запекают гуся! 🍗' (уверенность: 0.6999, тег: праздничные_традиции)
