2025-11-23 09:55:55 - train - INFO - === НАЧАЛО ОБУЧЕНИЯ МОДЕЛИ ===
2025-11-23 09:59:32 - train - INFO - === НАЧАЛО ОБУЧЕНИЯ МОДЕЛИ ===
2025-11-23 09:59:32 - train - INFO - Загрузка данных из intents.json
2025-11-23 09:59:32 - train - INFO - Данные загружены: 185 паттернов, 13 тегов, 214 уникальных слов
2025-11-23 09:59:32 - train - INFO - Теги: ['анекдоты', 'благодарность', 'детский_праздник', 'новогодние_фильмы', 'планы_на_праздники', 'подарки', 'пожелания', 'поздравление', 'праздничная_кухня', 'праздничное_настроение', 'праздничные_традиции', 'приветствие', 'прощание']
2025-11-23 09:59:32 - train - INFO - Пример слов: ['hello', 'hi', 'а', 'активности', 'анекдот', 'анекдоты', 'атмосфера', 'атмосферу', 'благодарю', 'близким']
2025-11-23 09:59:32 - train - INFO - Параметры модели: input_size=214, hidden_size=128, output_size=13
2025-11-23 09:59:32 - train - INFO - Параметры обучения: epochs=1000, batch_size=8, lr=0.001
2025-11-23 09:59:32 - train - INFO - Используемое устройство: cpu
2025-11-23 09:59:34 - train - INFO - Начало обучения...
2025-11-23 09:59:39 - train - INFO - Epoch [100/1000], Average Loss: 0.0135
2025-11-23 09:59:43 - train - INFO - Epoch [200/1000], Average Loss: 0.0091
2025-11-23 09:59:48 - train - INFO - Epoch [300/1000], Average Loss: 0.0081
2025-11-23 09:59:53 - train - INFO - Epoch [400/1000], Average Loss: 0.0077
2025-11-23 09:59:57 - train - INFO - Epoch [500/1000], Average Loss: 0.0073
2025-11-23 10:00:02 - train - INFO - Epoch [600/1000], Average Loss: 0.0075
2025-11-23 10:00:06 - train - INFO - Epoch [700/1000], Average Loss: 0.0073
2025-11-23 10:00:11 - train - INFO - Epoch [800/1000], Average Loss: 0.0073
2025-11-23 10:00:16 - train - INFO - Epoch [900/1000], Average Loss: 0.0073
2025-11-23 10:00:20 - train - INFO - Epoch [1000/1000], Average Loss: 0.0073
2025-11-23 10:00:20 - train - INFO - Обучение завершено. Финальный loss: 0.0073
2025-11-23 10:00:20 - train - INFO - Модель сохранена в файл: data.pth
2025-11-23 10:00:20 - train - INFO - === ОБУЧЕНИЕ ЗАВЕРШЕНО ===

